// Vitest Snapshot v1, https://vitest.dev/guide/snapshot.html

exports[`cron humanize & 6-field/alias > 6-field: 30 0 9 * * 1 (Mon 09:00:30) 1`] = `"月曜 9:00:30"`;

exports[`cron humanize & 6-field/alias > 6-field: 30 0 9 * * 1 (Mon 09:00:30) 2`] = `
[
  "2025-01-06T09:00:30.000Z",
  "2025-01-13T09:00:30.000Z",
  "2025-01-20T09:00:30.000Z",
]
`;

exports[`cron humanize & 6-field/alias > alias: @hourly -> 0 * * * * 1`] = `"毎日 スケジュール"`;

exports[`cron humanize & 6-field/alias > alias: @hourly -> 0 * * * * 2`] = `
[
  "2025-01-01T01:00:00.000Z",
  "2025-01-01T02:00:00.000Z",
]
`;

exports[`cron humanize & 6-field/alias > humanize: 平日 9:00 for 0 9 * * 1-5 1`] = `"平日 9:00:00"`;
